19:59:34.893 | V |                      | ArgumentsFromParametersFile.OnBuildCreated (150)
19:59:34.903 | V |                      | HandleReSharperSurrogateArguments.OnBuildCreated (150)
19:59:34.903 | V |                      | InjectParameterValues.OnBuildCreated (100)
19:59:34.913 | V |                      | HandleShellCompletion.OnBuildCreated (75)
19:59:35.078 | V |                      | GenerateBuildServerConfigurations.OnBuildCreated (50)
19:59:35.079 | V |                      | InvokeBuildServerConfigurationGeneration.OnBuildCreated (45)
19:59:35.084 | V |                      | UpdateNotification.OnBuildCreated (10)
19:59:35.084 | V |                      | UnsetVisualStudioEnvironmentVariables.OnBuildCreated (0)
19:59:35.084 | V |                      | HandleVisualStudioDebugging.OnBuildCreated (0)
19:59:35.084 | V |                      | EventInvoker.OnBuildCreated (-3.4028235E+38)
19:59:35.090 | V |                      | HandlePlanRequests.OnBuildInitialized (10)
19:59:35.090 | V |                      | HandleHelpRequests.OnBuildInitialized (5)
19:59:35.090 | V |                      | Telemetry.OnBuildInitialized (0)
19:59:35.324 | V |                      | Sending BuildStarted telemetry event ...
19:59:35.325 | V |                      |   build_components         = 
19:59:35.325 | V |                      |   build_type               = Project
19:59:35.325 | V |                      |   compile_time             = 2
19:59:35.325 | V |                      |   config_generators        = 
19:59:35.325 | V |                      |   host                     = Rider
19:59:35.325 | V |                      |   num_custom_components    = 0
19:59:35.325 | V |                      |   num_custom_extensions    = 0
19:59:35.325 | V |                      |   num_partitioned_targets  = 0
19:59:35.325 | V |                      |   num_secrets              = 0
19:59:35.325 | V |                      |   num_targets              = 5
19:59:35.325 | V |                      |   os_architecture          = Arm64
19:59:35.325 | V |                      |   os_platform              = OSX
19:59:35.325 | V |                      |   repo_branch              = main
19:59:35.325 | V |                      |   repo_commit              = 7a695e
19:59:35.325 | V |                      |   repo_provider            = GitHub
19:59:35.326 | V |                      |   repo_url                 = fabdaf
19:59:35.326 | V |                      |   target_framework         = .NETCoreApp,Version=v8.0
19:59:35.326 | V |                      |   version_dotnet_sdk       = 8.0.401
19:59:35.326 | V |                      |   version_nuke_common      = 8.1.0
19:59:35.326 | V |                      |   version_nuke_global_tool = 8.1.0
19:59:35.517 | V |                      | InjectNonParameterValues.OnBuildInitialized (-100)
19:59:35.558 | I |                      | > /opt/homebrew/bin/dotnet /Users/phmatray/.nuget/packages/minver-cli/6.0.0/tools/net8.0/any/minver-cli.dll
19:59:35.561 | V |                      | @ /Users/phmatray/Repositories/github-phm/IndexedDb
19:59:35.713 | V |                      | EventInvoker.OnBuildInitialized (-3.4028235E+38)
19:59:35.717 | V | Restore              | EventInvoker.OnTargetRunning (-3.4028235E+38)
19:59:35.720 | I | Restore              | > /opt/homebrew/bin/dotnet restore /Users/phmatray/Repositories/github-phm/IndexedDb/IndexedDb.sln
19:59:35.720 | V | Restore              | @ /Users/phmatray/Repositories/github-phm/IndexedDb
19:59:36.009 | D | Restore              |   Determining projects to restore...
19:59:36.143 | D | Restore              |   All projects are up-to-date for restore.
19:59:36.151 | V | Restore              | Telemetry.OnTargetSucceeded (0)
19:59:36.231 | V | Restore              | Sending TargetSucceeded telemetry event ...
19:59:36.231 | V | Restore              |   build_components         = 
19:59:36.232 | V | Restore              |   build_type               = Project
19:59:36.232 | V | Restore              |   compile_time             = 2
19:59:36.232 | V | Restore              |   config_generators        = 
19:59:36.232 | V | Restore              |   host                     = Rider
19:59:36.232 | V | Restore              |   num_custom_components    = 0
19:59:36.232 | V | Restore              |   num_custom_extensions    = 0
19:59:36.232 | V | Restore              |   num_partitioned_targets  = 0
19:59:36.232 | V | Restore              |   num_secrets              = 0
19:59:36.232 | V | Restore              |   num_targets              = 5
19:59:36.232 | V | Restore              |   os_architecture          = Arm64
19:59:36.232 | V | Restore              |   os_platform              = OSX
19:59:36.232 | V | Restore              |   repo_branch              = main
19:59:36.232 | V | Restore              |   repo_commit              = 7a695e
19:59:36.232 | V | Restore              |   repo_provider            = GitHub
19:59:36.232 | V | Restore              |   repo_url                 = fabdaf
19:59:36.232 | V | Restore              |   target_current_partition = 1
19:59:36.232 | V | Restore              |   target_duration          = 0
19:59:36.232 | V | Restore              |   target_framework         = .NETCoreApp,Version=v8.0
19:59:36.232 | V | Restore              |   target_name              = Restore
19:59:36.232 | V | Restore              |   target_total_partitions  = 1
19:59:36.232 | V | Restore              |   version_dotnet_sdk       = 8.0.401
19:59:36.232 | V | Restore              |   version_nuke_common      = 8.1.0
19:59:36.232 | V | Restore              |   version_nuke_global_tool = 8.1.0
19:59:36.268 | V | Restore              | EventInvoker.OnTargetSucceeded (-3.4028235E+38)
19:59:36.269 | V | Compile              | EventInvoker.OnTargetRunning (-3.4028235E+38)
19:59:36.272 | I | Compile              | > /opt/homebrew/bin/dotnet build /Users/phmatray/Repositories/github-phm/IndexedDb/IndexedDb.sln --configuration Release --no-restore /property:Deterministic=True
19:59:36.272 | V | Compile              | @ /Users/phmatray/Repositories/github-phm/IndexedDb
19:59:36.526 | D | Compile              |   IndexedDb -> /Users/phmatray/Repositories/github-phm/IndexedDb/IndexedDb/bin/Release/net8.0/IndexedDb.dll
19:59:36.570 | D | Compile              |   IndexedDb.Tests -> /Users/phmatray/Repositories/github-phm/IndexedDb/IndexedDb.Tests/bin/Release/net8.0/IndexedDb.Tests.dll
19:59:36.805 | D | Compile              |   IndexedDb.DemoApp -> /Users/phmatray/Repositories/github-phm/IndexedDb/IndexedDb.DemoApp/bin/Release/net8.0/IndexedDb.DemoApp.dll
19:59:36.811 | D | Compile              | 
19:59:36.811 | D | Compile              | Build succeeded.
19:59:36.811 | D | Compile              |     0 Warning(s)
19:59:36.811 | D | Compile              |     0 Error(s)
19:59:36.812 | D | Compile              | 
19:59:36.812 | D | Compile              | Time Elapsed 00:00:00.43
19:59:36.817 | V | Compile              | Telemetry.OnTargetSucceeded (0)
19:59:36.902 | V | Compile              | Sending TargetSucceeded telemetry event ...
19:59:36.902 | V | Compile              |   build_components         = 
19:59:36.902 | V | Compile              |   build_type               = Project
19:59:36.902 | V | Compile              |   compile_time             = 3
19:59:36.902 | V | Compile              |   config_generators        = 
19:59:36.902 | V | Compile              |   host                     = Rider
19:59:36.902 | V | Compile              |   num_custom_components    = 0
19:59:36.902 | V | Compile              |   num_custom_extensions    = 0
19:59:36.902 | V | Compile              |   num_partitioned_targets  = 0
19:59:36.902 | V | Compile              |   num_secrets              = 0
19:59:36.902 | V | Compile              |   num_targets              = 5
19:59:36.902 | V | Compile              |   os_architecture          = Arm64
19:59:36.902 | V | Compile              |   os_platform              = OSX
19:59:36.902 | V | Compile              |   repo_branch              = main
19:59:36.902 | V | Compile              |   repo_commit              = 7a695e
19:59:36.902 | V | Compile              |   repo_provider            = GitHub
19:59:36.902 | V | Compile              |   repo_url                 = fabdaf
19:59:36.902 | V | Compile              |   target_current_partition = 1
19:59:36.902 | V | Compile              |   target_duration          = 1
19:59:36.902 | V | Compile              |   target_framework         = .NETCoreApp,Version=v8.0
19:59:36.902 | V | Compile              |   target_name              = Compile
19:59:36.902 | V | Compile              |   target_total_partitions  = 1
19:59:36.902 | V | Compile              |   version_dotnet_sdk       = 8.0.401
19:59:36.902 | V | Compile              |   version_nuke_common      = 8.1.0
19:59:36.902 | V | Compile              |   version_nuke_global_tool = 8.1.0
19:59:36.938 | V | Compile              | EventInvoker.OnTargetSucceeded (-3.4028235E+38)
19:59:36.939 | V | Pack                 | EventInvoker.OnTargetRunning (-3.4028235E+38)
19:59:36.944 | I | Pack                 | > /opt/homebrew/bin/dotnet pack /Users/phmatray/Repositories/github-phm/IndexedDb/IndexedDb.sln --configuration Release --include-source --include-symbols --no-build --no-restore --output /Users/phmatray/Repositories/github-phm/IndexedDb/output /property:SymbolPackageFormat=snupkg /property:Version=1.0.0-beta.1
19:59:36.944 | V | Pack                 | @ /Users/phmatray/Repositories/github-phm/IndexedDb
19:59:37.232 | D | Pack                 |   The package IndexedDb.1.0.0-beta.1 is missing a readme. Go to https://aka.ms/nuget/authoring-best-practices/readme to learn why package readmes are important.
19:59:37.232 | D | Pack                 |   Successfully created package '/Users/phmatray/Repositories/github-phm/IndexedDb/output/IndexedDb.1.0.0-beta.1.nupkg'.
19:59:37.233 | D | Pack                 |   Successfully created package '/Users/phmatray/Repositories/github-phm/IndexedDb/output/IndexedDb.1.0.0-beta.1.snupkg'.
19:59:37.234 | W | Pack                 | /usr/local/share/dotnet/sdk/8.0.401/Sdks/NuGet.Build.Tasks.Pack/build/NuGet.Build.Tasks.Pack.targets(203,6): warning : This project cannot be packaged because packaging has been disabled. Add <IsPackable>true</IsPackable> to the project file to enable producing a package from this project. [/Users/phmatray/Repositories/github-phm/IndexedDb/IndexedDb.DemoApp/IndexedDb.DemoApp.csproj]
19:59:37.244 | V | Pack                 | Telemetry.OnTargetSucceeded (0)
19:59:37.244 | V | Pack                 | EventInvoker.OnTargetSucceeded (-3.4028235E+38)
